../Core/Src/main.c:79:6:HAL_TIM_PeriodElapsedCallback	16	static
../Core/Src/main.c:94:5:Rotate_Init	16	static
../Core/Src/main.c:103:7:Rotate_PID	32	static
../Core/Src/main.c:115:6:Abs	16	static
../Core/Src/main.c:120:6:MorterReset	4	static
../Core/Src/main.c:128:5:Motor_End	8	static
../Core/Src/main.c:142:6:Filter_Init	8	static
../Core/Src/main.c:167:6:HAL_CAN_RxFifo0MsgPendingCallback	56	static
../Core/Src/main.c:218:5:main	8	static
../Core/Src/main.c:300:6:SystemClock_Config	72	static
../Core/Src/main.c:339:13:MX_CAN_Init	8	static
../Core/Src/main.c:376:13:MX_TIM2_Init	56	static
../Core/Src/main.c:425:13:MX_TIM3_Init	48	static
../Core/Src/main.c:478:13:MX_GPIO_Init	40	static
../Core/Src/main.c:516:6:Error_Handler	4	static,ignoring_inline_asm
