../Core/Src/main.c:79:6:HAL_TIM_PeriodElapsedCallback	16	static
../Core/Src/main.c:94:5:Rotate_Init	16	static
../Core/Src/main.c:103:7:Rotate_PID	32	static
../Core/Src/main.c:115:6:Abs	16	static
../Core/Src/main.c:120:6:MorterReset	4	static
../Core/Src/main.c:128:5:Motor_End	8	static
../Core/Src/main.c:143:6:Filter_Init	8	static
../Core/Src/main.c:171:6:HAL_CAN_RxFifo0MsgPendingCallback	56	static
../Core/Src/main.c:265:5:main	8	static
../Core/Src/main.c:345:6:SystemClock_Config	72	static
../Core/Src/main.c:384:13:MX_CAN_Init	8	static
../Core/Src/main.c:421:13:MX_TIM2_Init	56	static
../Core/Src/main.c:470:13:MX_TIM3_Init	48	static
../Core/Src/main.c:523:13:MX_GPIO_Init	40	static
../Core/Src/main.c:561:6:Error_Handler	4	static,ignoring_inline_asm
