23:30:10 **** Incremental Build of configuration Debug for project Shooter ****
make -j8 all 
arm-none-eabi-gcc "../Core/Src/main.c" -mcpu=cortex-m4 -std=gnu11 -g3 -DUSE_HAL_DRIVER -DSTM32F303x8 -DDEBUG -c -I../Core/Inc -I../Drivers/STM32F3xx_HAL_Driver/Inc -I../Drivers/STM32F3xx_HAL_Driver/Inc/Legacy -I../Drivers/CMSIS/Device/ST/STM32F3xx/Include -I../Drivers/CMSIS/Include -O0 -ffunction-sections -fdata-sections -Wall -fstack-usage -MMD -MP -MF"Core/Src/main.d" -MT"Core/Src/main.o" --specs=nano.specs -mfpu=fpv4-sp-d16 -mfloat-abi=hard -mthumb -o "Core/Src/main.o"
arm-none-eabi-gcc -o "Shooter.elf" @"objects.list"   -mcpu=cortex-m4 -T"C:\Users\dorag\STM32CubeIDE\workspace_1.1.0\CatchRobo2021\Shooter\STM32F303K8TX_FLASH.ld" --specs=nosys.specs -Wl,-Map="Shooter.map" -Wl,--gc-sections -static --specs=nano.specs -mfpu=fpv4-sp-d16 -mfloat-abi=hard -mthumb -Wl,--start-group -lc -lm -Wl,--end-group
Finished building target: Shooter.elf
 
arm-none-eabi-objdump -h -S  Shooter.elf  > "Shooter.list"
arm-none-eabi-objcopy  -O binary  Shooter.elf  "Shooter.bin"
arm-none-eabi-size   Shooter.elf 
   text	   data	    bss	    dec	    hex	filename
  14004	     68	   1796	  15868	   3dfc	Shooter.elf
Finished building: default.size.stdout
 
Finished building: Shooter.bin
 
Finished building: Shooter.list
 

23:30:11 Build Finished. 0 errors, 0 warnings. (took 1s.311ms)

